

D, [2019-07-17T21:33:43.446398 #23] DEBUG -- :   Mef Load (0.7ms)  SELECT  "mef".* FROM "mef" WHERE "mef"."etablissement_id" = $1 AND "mef"."libelle" = $2 LIMIT $3  [["etablissement_id", 244], ["libelle", "6EME SEGPA"], ["LIMIT", 11]]
=> #<ActiveRecord::Relation [#<Mef id: 110, libelle: "6EME SEGPA", code: "16410002110", etablissement_id: 244, created_at: "2019-03-22 08:07:20", updated_at: "2019-03-22 08:07:20">]>
irb(main):126:0> Mef.where(etablissement_id: 244).where(libelle: "6EME SEGPA")^C
irb(main):126:0> Mef.where(etablissement_id: 231).where(libelle: "6EME SEGPA")
D, [2019-07-17T21:33:59.699612 #23] DEBUG -- :   Mef Load (1.1ms)  SELECT  "mef".* FROM "mef" WHERE "mef"."etablissement_id" = $1 AND "mef"."libelle" = $2 LIMIT $3  [["etablissement_id", 231], ["libelle", "6EME SEGPA"], ["LIMIT", 11]]
=> #<ActiveRecord::Relation [#<Mef id: 12, libelle: "6EME SEGPA", code: "16410002110", etablissement_id: 231, created_at: "2019-02-09 19:31:51", updated_at: "2019-02-09 19:31:51">]>

irb(main):129:0> DossierEleve.where(mef_origine_id: 12, etablissement_id: 244).map(&:id)
D, [2019-07-17T21:38:19.680913 #23] DEBUG -- :   DossierEleve Load (1.0ms)  SELECT "dossier_eleves".* FROM "dossier_eleves" INNER JOIN "eleves" ON "eleves"."id" = "dossier_eleves"."eleve_id" WHERE "dossier_eleves"."mef_origine_id" = $1 AND "dossier_eleves"."etablissement_id" = $2  [["mef_origine_id", 12], ["etablissement_id", 244]]
=> [11117, 11118, 11119, 11120, 11121, 11122, 11123, 11124, 11125, 11126, 11127, 11128, 11139, 11140]


er_eleves"."eleve_id" WHERE "dossier_eleves"."mef_origine_id" = $1 AND "dossier_eleves"."etablissement_id" = $2  [["mef_origine_id", 12], ["etablissement_id", 244]]
=> [11117, 11118, 11119, 11120, 11121, 11122, 11123, 11124, 11125, 11126, 11127, 11128, 11139, 11140]
irb(main):130:0> DossierEleve.where(mef_origine_id: 12, etablissement_id: 244).update_all(mef_origine_id: 110)
D, [2019-07-17T21:38:41.601887 #23] DEBUG -- :   DossierEleve Update All (4.0ms)  UPDATE "dossier_eleves" SET "mef_origine_id" = 110 WHERE "dossier_eleves"."id" IN (SELECT "dossier_eleves"."id" FROM "dossier_eleves" INNER JOIN "eleves" ON "eleves"."id" = "dossier_eleves"."eleve_id" WHERE "dossier_eleves"."mef_origine_id" = $1 AND "dossier_eleves"."etablissement_id" = $2)  [["mef_origine_id", 12], ["etablissement_id", 244]]
=> 14


, 447]]
D, [2019-07-17T21:38:57.236151 #23] DEBUG -- :   Mef Destroy (1.0ms)  DELETE FROM "mef" WHERE "mef"."id" = $1  [["id", 10]]
D, [2019-07-17T21:38:57.236941 #23] DEBUG -- :    (0.4ms)  ROLLBACK
Traceback (most recent call last):
        1: from (irb):135
        ActiveRecord::InvalidForeignKey (PG::ForeignKeyViolation: ERROR:  update or delete on table "mef" violates foreign key constraint "fk_rails_c0c0b60d06" on table "dossier_eleves")
        DETAIL:  Key (id)=(10) is still referenced from table "dossier_eleves".
        : DELETE FROM "mef" WHERE "mef"."id" = $1
        irb(main):136:0>



er_eleves"."eleve_id" WHERE "dossier_eleves"."mef_origine_id" = $1  [["mef_origine_id", 10]]
=> [235, 235, 235, 235, 235, 235, 235, 235, 235, 235, 235, 235, 235, 235, 235, 235, 235, 235, 235, 235, 235, 235, 235, 235, 235, 235, 235, 235, 235, 235, 235, 235, 235, 235, 235, 235, 235, 235, 235, 235, 235, 235, 235, 235, 235, 235, 235, 235, 235, 235, 235, 235, 235, 235, 235, 235, 235, 235, 235, 235, 235, 235, 235, 235, 235, 235, 235, 235, 235, 235, 235, 235, 235, 235, 235, 235, 235, 235, 235, 235, 235, 235, 235, 235, 235, 235, 235, 235, 235, 235, 235, 235, 235, 235, 235, 235, 235, 235, 235, 235, 235, 235, 235, 235, 235, 235, 235, 235, 235, 235, 235, 235, 235, 235, 235, 235, 235, 235, 235, 235, 235, 235, 235, 235, 235, 235, 235, 235, 235, 235, 235, 235, 235, 235, 235, 235, 235, 235, 235, 235, 235, 235, 235, 235, 235, 235, 235, 235, 235, 235, 235, 235, 235, 235, 235, 235, 235, 235, 235, 235, 235, 235, 235, 235, 235, 235, 235, 244, 244, 244, 244, 244, 244, 244, 244, 244, 244, 244, 244, 244, 244, 244, 244, 244, 244, 244, 244, 244, 244, 244, 244, 244, 244, 244, 244, 244, 244, 244, 244, 244, 244, 244, 244, 244, 244, 244, 244, 244, 244, 244, 244, 244, 244, 244, 244, 244, 244, 244, 244, 244, 244, 244, 244, 244, 244, 244, 244, 244, 244, 244, 244, 244, 244, 244, 244, 244, 244, 244, 244, 244, 244, 244, 244, 244, 244, 244, 244, 244, 244, 244, 244, 244, 244, 244, 244, 244, 244, 244, 244, 244, 244, 244, 244, 244, 244, 244, 244, 244, 244, 244, 244, 244, 244, 244, 244, 244, 244, 244, 244, 244, 244, 244, 244, 244, 244, 244, 244, 244, 244, 244, 244, 244, 244, 244, 244, 244, 244, 244, 244, 244, 244, 244, 244, 244, 244, 244]
irb(main):142:0> Etablissement.find(244)
D, [2019-07-17T21:40:24.487264 #23] DEBUG -- :   Etablissement Load (0.8ms)  SELECT  "etablissements".* FROM "etablissements" WHERE "etablissements"."id" = $1 LIMIT $2  [["id", 244], ["LIMIT", 1]]
=> #<Etablissement id: 244, nom: "Manon CORMIER", date_limite: "", adresse: "15 rue du 19 mars 1962", ville: "Bassens", code_postal: "33530", message_permanence: "", updated_at: "2019-03-22 09:54:28", message_infirmerie: "", email: "gest.0331884u@ac-bordeaux.fr", gere_demi_pension: true, signataire: "D. Vanderplancke, Principal", uai: "0331884U", envoyer_aux_familles: false, reglement_demi_pension: nil, mot_accueil: nil, demande_caf: false, email_reponse: nil, date_debut: nil>
irb(main):143:0> Etablissement.find(235)
D, [2019-07-17T21:40:27.627411 #23] DEBUG -- :   Etablissement Load (0.6ms)  SELECT  "etablissements".* FROM "etablissements" WHERE "etablissements"."id" = $1 LIMIT $2  [["id", 235], ["LIMIT", 1]]
=> #<Etablissement id: 235, nom: "Evariste GALOIS", date_limite: "", adresse: "", ville: "Montauban de Bretagne", code_postal: "35360", message_permanence: "", updated_at: "2019-02-10 22:56:21", message_infirmerie: "", email: "ce.0352247c@ac-rennes.fr", gere_demi_pension: true, signataire: "", uai: "0352247C", envoyer_aux_familles: false, reglement_demi_pension: nil, mot_accueil: nil, demande_caf: false, email_reponse: nil, date_debut: nil>
irb(main):144:0>


tablissement_id", 244], ["libelle", "6EME"], ["LIMIT", 11]]
=> #<ActiveRecord::Relation [#<Mef id: 106, libelle: "6EME", code: "10010012110", etablissement_id: 244, created_at: "2019-03-22 08:07:19", updated_at: "2019-03-22 08:07:19">]>


irb(main):152:0> DossierEleve.where(etablissement_id: 244, mef_origine_id: 10).map(&:id)
D, [2019-07-17T21:42:17.079002 #23] DEBUG -- :   DossierEleve Load (1.4ms)  SELECT "dossier_eleves".* FROM "dossier_eleves" INNER JOIN "eleves" ON "eleves"."id" = "dossier_eleves"."eleve_id" WHERE "dossier_eleves"."etablissement_id" = $1 AND "dossier_eleves"."mef_origine_id" = $2  [["etablissement_id", 244], ["mef_origine_id", 10]]
=> [10941, 10948, 10984, 10985, 10986, 10987, 10988, 10989, 10990, 10991, 10992, 10993, 10994, 10995, 10996, 10997, 10998, 10999, 11000, 11001, 11002, 11003, 11004, 11005, 11006, 11007, 11008, 11009, 11010, 11011, 11012, 11013, 11014, 11015, 11016, 11017, 11018, 11019, 11020, 11021, 11022, 11023, 11024, 11025, 11026, 11027, 11028, 11029, 11030, 11031, 11032, 11033, 11034, 11035, 11036, 11037, 11038, 11039, 11040, 11041, 11042, 11043, 11044, 11045, 11046, 11047, 11048, 11049, 11050, 11051, 11052, 11053, 11054, 11055, 11056, 11057, 11058, 11059, 11060, 11061, 11062, 11063, 11064, 11065, 11066, 11067, 11068, 11069, 11070, 11071, 11072, 11073, 11074, 11075, 11076, 11077, 11078, 11079, 11080, 11081, 11082, 11083, 11084, 11085, 11086, 11087, 11088, 11089, 11090, 11091, 11092, 11093, 11094, 11095, 11096, 11097, 11098, 11099, 11100, 11101, 11102, 11103, 11104, 11105, 11106, 11107, 11108, 11109, 11110, 11111, 11112, 11114, 11115, 11116, 11133, 11147, 11148, 11150, 11157]




irb(main):152:0> DossierEleve.where(etablissement_id: 244, mef_origine_id: 10).map(&:id)
D, [2019-07-17T21:42:17.079002 #23] DEBUG -- :   DossierEleve Load (1.4ms)  SELECT "dossier_eleves".* FROM "dossier_eleves" INNER JOIN "eleves" ON "eleves"."id" = "dossier_eleves"."eleve_id" WHERE "dossier_eleves"."etablissement_id" = $1 AND "dossier_eleves"."mef_origine_id" = $2  [["etablissement_id", 244], ["mef_origine_id", 10]]
=> [10941, 10948, 10984, 10985, 10986, 10987, 10988, 10989, 10990, 10991, 10992, 10993, 10994, 10995, 10996, 10997, 10998, 10999, 11000, 11001, 11002, 11003, 11004, 11005, 11006, 11007, 11008, 11009, 11010, 11011, 11012, 11013, 11014, 11015, 11016, 11017, 11018, 11019, 11020, 11021, 11022, 11023, 11024, 11025, 11026, 11027, 11028, 11029, 11030, 11031, 11032, 11033, 11034, 11035, 11036, 11037, 11038, 11039, 11040, 11041, 11042, 11043, 11044, 11045, 11046, 11047, 11048, 11049, 11050, 11051, 11052, 11053, 11054, 11055, 11056, 11057, 11058, 11059, 11060, 11061, 11062, 11063, 11064, 11065, 11066, 11067, 11068, 11069, 11070, 11071, 11072, 11073, 11074, 11075, 11076, 11077,
11078, 11079, 11080, 11081, 11082, 11083, 11084, 11085, 11086, 11087, 11088, 11089, 11090, 11091, 11092, 11093, 11094, 11095, 11096, 11097, 11098, 11099, 11100, 11101, 11102, 11103, 11104, 11105, 11106, 11107, 11108, 11109, 11110, 11111, 11112, 11114, 11115, 11116, 11133, 11147, 11148, 11150, 11157]
irb(main):153:0> DossierEleve.where(etablissement_id: 244, mef_origine_id: 10).update_all(mef_origine_id: 106)
D, [2019-07-17T21:42:41.235070 #23] DEBUG -- :   DossierEleve Update All (7.8ms)  UPDATE "dossier_eleves" SET "mef_origine_id" = 106 WHERE "dossier_eleves"."id" IN (SELECT "dossier_eleves"."id" FROM "dossier_eleves" INNER JOIN "eleves" ON "eleves"."id" = "dossier_eleves"."eleve_id" WHERE "dossier_eleves"."etablissement_id" = $1 AND "dossier_eleves"."mef_origine_id" = $2)  [["etablissement_id", 244], ["mef_origine_id", 10]]
=> 139


=> #<ActiveRecord::Relation [#<Mef id: 65, libelle: "6EME", code: "10010012110", etablissement_id: 235, created_at: "2019-03-06 10:15:12", updated_at: "2019-03-06 10:15:12">]>

o

irb(main):162:0> DossierEleve.where(etablissement_id: 235, mef_origine_id: 10).map(&:id)
D, [2019-07-17T21:44:15.252217 #23] DEBUG -- :   DossierEleve Load (2.0ms)  SELECT "dossier_eleves".* FROM "dossier_eleves" INNER JOIN "eleves" ON "eleves"."id" = "dossier_eleves"."eleve_id" WHERE "dossier_eleves"."etablissement_id" = $1 AND "dossier_eleves"."mef_origine_id" = $2  [["etablissement_id", 235], ["mef_origine_id", 10]]
=> [9054, 9055, 9056, 9057, 9058, 9059, 9060, 9061, 9062, 9063, 9064, 9065, 9066, 9067, 9068, 9069, 9070, 9071, 9072, 9073, 9074, 9075, 9076, 9077, 9078, 9079, 9080, 9081, 9082, 9083, 9084, 9085, 9086, 9087, 9088, 9089, 9090, 9091, 9092, 9093, 9094, 9095, 9096, 9097, 9098, 9100, 9101, 9102, 9103, 9104, 9105, 9106, 9107, 9108, 9109, 9110, 9111, 9112, 9113, 9114, 9115, 9116, 9117, 9118, 9119, 9120, 9121, 9122, 9123, 9124, 9125, 9126, 9127, 9128, 9129, 9130, 9131, 9132, 9133, 9134, 9135, 9136, 9137, 9138, 9139, 9140, 9141, 9142, 9143, 9144, 9145, 9146, 9147, 9148, 9149, 9150, 9151, 9152, 9153, 9154, 9155, 9156, 9157, 9158, 9159, 9160, 9161, 9162, 9163, 9164, 9165, 9166, 9167, 9168, 9169, 9170, 9171, 9172, 9173, 9174, 9175, 9176, 9177, 9178, 9179, 9180, 9181, 9182, 9183, 9184, 9185, 9186, 9187, 9188, 9189, 9190, 9191, 9192, 9193, 9194, 9195, 9196, 9197, 9198, 9199, 9200, 9201, 9202, 9203, 9204, 9205, 9206, 9207, 9208, 9209, 9210, 9211, 9212, 9213, 9214, 9215, 9216, 9217, 9219, 9226, 9227, 9231]


12">]>
irb(main):012:0> DossierEleve.where(etablissement_id: 235, mef_origine_id: 10).update_all(mef_origine_id: 65)
D, [2019-07-17T21:49:38.249549 #22] DEBUG -- :   DossierEleve Update All (34.4ms)  UPDATE "dossier_eleves" SET "mef_origine_id" = 65 WHERE "dossier_eleves"."id" IN (SELECT "dossier_eleves"."id" FROM "dossier_eleves" INNER JOIN "eleves" ON "eleves"."id" = "dossier_eleves"."eleve_id" WHERE "dossier_eleves"."etablissement_id" = $1 AND "dossier_eleves"."mef_origine_id" = $2)  [["etablissement_id", 235], ["mef_origine_id", 10]]
=> 167


 "dossier_eleves"."mef_origine_id" = $1  [["mef_origine_id", 8]]
 => 16
 irb(main):016:0> DossierEleve.where(mef_origine_id: 8).map(&:etablissement_id).uniq
 D, [2019-07-17T21:50:15.837031 #22] DEBUG -- :   DossierEleve Load (0.9ms)  SELECT "dossier_eleves".* FROM "dossier_eleves" INNER JOIN "eleves" ON "eleves"."id" = "dossier_eleves"."eleve_id" WHERE "dossier_eleves"."mef_origine_id" = $1  [["mef_origine_id", 8]]
 => [244]

 irb(main):018:0> Mef.find(8)
 D, [2019-07-17T21:50:46.238128 #22] DEBUG -- :   Mef Load (0.6ms)  SELECT  "mef".* FROM "mef" WHERE "mef"."id" = $1 LIMIT $2  [["id", 8], ["LIMIT", 1]]
 => #<Mef id: 8, libelle: "5EME SEGPA", code: "16510002110", etablissement_id: 231, created_at: "2019-02-09 19:31:50", updated_at: "2019-02-09 19:31:50">
 irb(main):019:0> Mef.where(etablissement_id: 244, libelle: "5EME SEGPA")
 D, [2019-07-17T21:50:57.134054 #22] DEBUG -- :   Mef Load (0.9ms)  SELECT  "mef".* FROM "mef" WHERE "mef"."etablissement_id" = $1 AND "mef"."libelle" = $2 LIMIT $3  [["etablissement_id", 244], ["libelle", "5EME SEGPA"], ["LIMIT", 11]]
 => #<ActiveRecord::Relation [#<Mef id: 107, libelle: "5EME SEGPA", code: "16510002110", etablissement_id: 244, created_at: "2019-03-22 08:07:19", updated_at: "2019-03-22 08:07:19">]>
 irb(main):020:0>


 irb(main):023:0> DossierEleve.where(etablissement_id: 244, mef_origine_id: 8).map(&:id)
 D, [2019-07-17T21:51:27.620054 #22] DEBUG -- :   DossierEleve Load (1.3ms)  SELECT "dossier_eleves".* FROM "dossier_eleves" INNER JOIN "eleves" ON "eleves"."id" = "dossier_eleves"."eleve_id" WHERE "dossier_eleves"."etablissement_id" = $1 AND "dossier_eleves"."mef_origine_id" = $2  [["etablissement_id", 244], ["mef_origine_id", 8]]
 => [10951, 10952, 10953, 10954, 10955, 10956, 10957, 10958, 10959, 10960, 10961, 10962, 10963, 10964, 10977, 11134]


 er_eleves"."eleve_id" WHERE "dossier_eleves"."etablissement_id" = $1 AND "dossier_eleves"."mef_origine_id" = $2  [["etablissement_id", 244], ["mef_origine_id", 8]]
 => [10951, 10952, 10953, 10954, 10955, 10956, 10957, 10958, 10959, 10960, 10961, 10962, 10963, 10964, 10977, 11134]
 irb(main):024:0> DossierEleve.where(etablissement_id: 244, mef_origine_id: 8).update_all(mef_origine_id: 107)
 D, [2019-07-17T21:51:49.464220 #22] DEBUG -- :   DossierEleve Update All (2.9ms)  UPDATE "dossier_eleves" SET "mef_origine_id" = 107 WHERE "dossier_eleves"."id" IN (SELECT "dossier_eleves"."id" FROM "dossier_eleves" INNER JOIN "eleves" ON "eleves"."id" = "dossier_eleves"."eleve_id" WHERE "dossier_eleves"."etablissement_id" = $1 AND "dossier_eleves"."mef_origine_id" = $2)  [["etablissement_id", 244], ["mef_origine_id", 8]]
 => 16


 irb(main):031:0> DossierEleve.where(mef_destination_id: 8).map(&:etablissement_id).uniq
 D, [2019-07-17T21:52:39.344761 #22] DEBUG -- :   DossierEleve Load (1.1ms)  SELECT "dossier_eleves".* FROM "dossier_eleves" INNER JOIN "eleves" ON "eleves"."id" = "dossier_eleves"."eleve_id" WHERE "dossier_eleves"."mef_destination_id" = $1  [["mef_destination_id", 8]]
 => [244]


 => [244]
 irb(main):032:0> DossierEleve.where(mef_destination_id: 8, etablissement_id: 244).map(&:id)
 D, [2019-07-17T21:53:00.967400 #22] DEBUG -- :   DossierEleve Load (1.2ms)  SELECT "dossier_eleves".* FROM "dossier_eleves" INNER JOIN "eleves" ON "eleves"."id" = "dossier_eleves"."eleve_id" WHERE "dossier_eleves"."mef_destination_id" = $1 AND "dossier_eleves"."etablissement_id" = $2  [["mef_destination_id", 8], ["etablissement_id", 244]]
 => [11140, 11127, 11126, 11139, 11118, 11119, 11120, 11125, 11122, 11123, 11124, 11121, 11128, 11117]


  [["id", 448]]                                                                                                                                                           D, [2019-07-17T21:53:36.211493 #22] DEBUG -- :   Mef Destroy (1.1ms)  DELETE FROM "mef" WHERE "mef"."id" = $1  [["id", 7]]                                              
  D, [2019-07-17T21:53:36.211949 #22] DEBUG -- :    (0.3ms)  ROLLBACK                                                                                                      Traceback (most recent call last):                                                                                                                                               1: from (irb):36                                                                                                                                                 ActiveRecord::InvalidForeignKey (PG::ForeignKeyViolation: ERROR:  update or delete on table "mef" violates foreign key constraint "fk_rails_c0c0b60d06" on table "dossier_eleves")                                                                                                                                                                DETAIL:  Key (id)=(7) is still referenced from table "dossier_eleves".                                                                                                   : DELETE FROM "mef" WHERE "mef"."id" = $1                                                                                                                               
  irb(main):037:0> Mef.find(7)
  D, [2019-07-17T21:53:43.214306 #22] DEBUG -- :   Mef Load (0.7ms)  SELECT  "mef".* FROM "mef" WHERE "mef"."id" = $1 LIMIT $2  [["id", 7], ["LIMIT", 1]]
  => #<Mef id: 7, libelle: "5EME", code: "10110001110", etablissement_id: 231, created_at: "2019-02-09 19:31:49", updated_at: "2019-02-09 19:31:49">
  irb(main):038:0>


  irb(main):040:0> DossierEleve.where(mef_origine_id: 7).map(&:etablissement_id).uniq
  D, [2019-07-17T21:54:19.776289 #22] DEBUG -- :   DossierEleve Load (2.5ms)  SELECT "dossier_eleves".* FROM "dossier_eleves" INNER JOIN "eleves" ON "eleves"."id" = "dossier_eleves"."eleve_id" WHERE "dossier_eleves"."mef_origine_id" = $1  [["mef_origine_id", 7]]
  => [235, 244]

irb(main):042:0> Mef.where(etablissement_id: 235, ^C
irb(main):042:0> Mef.find(7)
D, [2019-07-17T21:55:02.453936 #22] DEBUG -- :   Mef Load (1.9ms)  SELECT  "mef".* FROM "mef" WHERE "mef"."id" = $1 LIMIT $2  [["id", 7], ["LIMIT", 1]]
=> #<Mef id: 7, libelle: "5EME", code: "10110001110", etablissement_id: 231, created_at: "2019-02-09 19:31:49", updated_at: "2019-02-09 19:31:49">
irb(main):043:0> Mef.where(etablissement_id: 235, libelle: "5EME")
D, [2019-07-17T21:55:18.365565 #22] DEBUG -- :   Mef Load (1.0ms)  SELECT  "mef".* FROM "mef" WHERE "mef"."etablissement_id" = $1 AND "mef"."libelle" = $2 LIMIT $3  [["etablissement_id", 235], ["libelle", "5EME"], ["LIMIT", 11]]
=> #<ActiveRecord::Relation [#<Mef id: 63, libelle: "5EME", code: "10110001110", etablissement_id: 235, created_at: "2019-03-06 10:15:12", updated_at: "2019-03-06 10:15:12">]>


irb(main):047:0> DossierEleve.where(etablissement_id: 235, mef_origine_id: 7).map(&:id)
D, [2019-07-17T21:55:48.485873 #22] DEBUG -- :   DossierEleve Load (1.7ms)  SELECT "dossier_eleves".* FROM "dossier_eleves" INNER JOIN "eleves" ON "eleves"."id" = "dossier_eleves"."eleve_id" WHERE "dossier_eleves"."etablissement_id" = $1 AND "dossier_eleves"."mef_origine_id" = $2  [["etablissement_id", 235], ["mef_origine_id", 7]]
=> [8919, 8880, 8881, 8882, 8883, 8884, 8885, 8886, 8887, 8888, 8889, 8890, 8891, 8892, 8893, 8894, 8895, 8896, 8897, 8898, 8899, 8900, 8901, 8902, 8903, 8904, 8905, 8906, 8907, 8908, 8909, 8910, 8911, 8912, 8913, 8914, 8915, 8916, 8917, 8918, 8920, 8921, 8922, 8923, 8924, 8925, 8926, 8927, 8928, 8929, 8930, 8931, 8932, 8933, 8934, 8935, 8936, 8937, 8938, 8939, 8940, 8941, 8942, 8943, 8944, 8945, 8946, 8947, 8948, 8949, 8950, 8951, 8952, 8953, 8954, 8955, 8956, 8957, 8958, 8959, 8960, 8961, 8962, 8963, 8964, 8965, 8966, 8967, 8968, 8969, 8970, 8971, 8972, 8973, 8974, 8975, 8976, 8977, 8978, 8979, 8980, 8981, 8982, 8983, 8984, 8985, 8986, 8987, 8988, 8989, 8990, 8991, 8992, 8993, 8994, 8995, 8996, 8997, 8998, 8999, 9000, 9001, 9002, 9003, 9004, 9005, 9006, 9007, 9008, 9009, 9010, 9011, 9012, 9013, 9014, 9015, 9016, 9017, 9018, 9019, 9020, 9021, 9022, 9023, 9024, 9025, 9026, 9027, 9028, 9029, 9030, 9031, 9032, 9033, 9034, 9035, 9036, 9040, 9041, 9042, 9043, 9048, 9049, 9051, 9052, 9053, 9220, 9224, 9228, 9229]


020, 9021, 9022, 9023, 9024, 9025, 9026, 9027, 9028, 9029, 9030, 9031, 9032, 9033, 9034, 9035, 9036, 9040, 9041, 9042, 9043, 9048, 9049, 9051, 9052, 9053, 9220, 9224, 9228, 9229]
irb(main):048:0> DossierEleve.where(etablissement_id: 235, mef_origine_id: 7).update_all(mef_origine_id: 63)
D, [2019-07-17T21:56:15.603223 #22] DEBUG -- :   DossierEleve Update All (9.5ms)  UPDATE "dossier_eleves" SET "mef_origine_id" = 63 WHERE "dossier_eleves"."id" IN (SELECT "dossier_eleves"."id" FROM "dossier_eleves" INNER JOIN "eleves" ON "eleves"."id" = "dossier_eleves"."eleve_id" WHERE "dossier_eleves"."etablissement_id" = $1 AND "dossier_eleves"."mef_origine_id" = $2)  [["etablissement_id", 235], ["mef_origine_id", 7]]
=> 170

irb(main):049:0> Mef.where(etablissement_id: 244, libelle: "5EME")
D, [2019-07-17T21:56:27.380194 #22] DEBUG -- :   Mef Load (0.9ms)  SELECT  "mef".* FROM "mef" WHERE "mef"."etablissement_id" = $1 AND "mef"."libelle" = $2 LIMIT $3  [["etablissement_id", 244], ["libelle", "5EME"], ["LIMIT", 11]]
=> #<ActiveRecord::Relation [#<Mef id: 103, libelle: "5EME", code: "10110001110", etablissement_id: 244, created_at: "2019-03-22 08:07:19", updated_at: "2019-03-22 08:07:19">]>


irb(main):050:0> DossierEleve.where(etablissement_id: 244, mef_origine_id: 7).map(&:id)
D, [2019-07-17T21:56:49.311183 #22] DEBUG -- :   DossierEleve Load (2.3ms)  SELECT "dossier_eleves".* FROM "dossier_eleves" INNER JOIN "eleves" ON "eleves"."id" = "dossier_eleves"."eleve_id" WHERE "dossier_eleves"."etablissement_id" = $1 AND "dossier_eleves"."mef_origine_id" = $2  [["etablissement_id", 244], ["mef_origine_id", 7]]
=> [10750, 10774, 10802, 10840, 10841, 10842, 10843, 10844, 10845, 10846, 10847, 10848, 10849, 10850, 10851, 10852, 10853, 10854, 10855, 10856, 10857, 10858, 10859, 10860, 10861, 10862, 10863, 10864, 10865, 10866, 10867, 10868, 10869, 10870, 10871, 10872, 10873, 10874, 10875, 10876, 10877, 10878, 10879, 10880, 10881, 10882, 10883, 10884, 10885, 10886, 10887, 10888, 10889, 10890, 10891, 10892, 10893, 10894, 10895, 10896, 10897, 10898, 10899, 10900, 10901, 10902, 10903, 10904, 10905, 10906, 10907, 10908, 10909, 10910, 10911, 10912, 10913, 10914, 10915, 10916, 10917, 10918, 10919, 10920, 10921, 10922, 10923, 10924, 10925, 10926, 10927, 10928, 10929, 10930, 10931, 10932, 10933, 10934, 10935, 10936, 10937, 10938, 10939, 10940, 10942, 10943, 10944, 10945, 10946, 10947, 10949, 10950, 10971, 10972, 10973, 10974, 10980, 10981, 11113, 11138, 11141, 11143, 11149, 11151, 11152, 11153, 11154, 11155]


irb(main):051:0> DossierEleve.where(etablissement_id: 244, mef_origine_id: 7).update_all(mef_origine_id: 103)
D, [2019-07-17T21:57:09.262437 #22] DEBUG -- :   DossierEleve Update All (6.1ms)  UPDATE "dossier_eleves" SET "mef_origine_id" = 103 WHERE "dossier_eleves"."id" IN (SELECT "dossier_eleves"."id" FROM "dossier_eleves" INNER JOIN "eleves" ON "eleves"."id" = "dossier_eleves"."eleve_id" WHERE "dossier_eleves"."etablissement_id" = $1 AND "dossier_eleves"."mef_origine_id" = $2)  [["etablissement_id", 244], ["mef_origine_id", 7]]
=> 128

irb(main):055:0> DossierEleve.where(etablissement_id: 244, mef_destination_id: 7).map(&:id)
D, [2019-07-17T21:57:33.100556 #22] DEBUG -- :   DossierEleve Load (2.1ms)  SELECT "dossier_eleves".* FROM "dossier_eleves" INNER JOIN "eleves" ON "eleves"."id" = "dossier_eleves"."eleve_id" WHERE "dossier_eleves"."etablissement_id" = $1 AND "dossier_eleves"."mef_destination_id" = $2  [["etablissement_id", 244], ["mef_destination_id", 7]]
=> [11042, 11110, 11047, 11097, 11038, 11018, 11157, 10990, 10996, 11085, 11080, 11069, 11050, 11106, 11000, 11077, 11043, 11071, 11030, 11028, 10994, 11022, 11008, 11066, 11024, 11001, 11070, 11099, 11032, 11100, 11102, 11114, 10998, 10941, 11112, 11002, 11027, 11062, 11101, 11059, 11150, 11044, 11090, 11096, 10987, 11148, 11051, 11052, 11073, 11086, 11079, 10986, 11045, 11078, 11020, 11133, 11004, 11013, 11046, 11147, 11089, 11095, 11076, 10993, 11067, 11014, 11031, 11048, 11098, 10948, 11058, 11060, 11006, 11104, 11075, 11063, 10988, 11107, 10985, 11068, 11025, 11034, 11094, 11010, 11049, 11116, 11054, 11057, 10989, 11019, 11005, 11081, 11007, 11109, 11035, 11103,
11105, 11108, 11039, 11065, 11082, 11091, 11084, 11021, 11040, 10995, 11041, 11012, 11017, 11003, 11072, 10992, 11015, 11061, 11037, 11011, 11036, 11033, 11009, 10997, 11092, 11016, 11056, 11083, 11026, 11064, 11115, 10991, 11087, 11088, 11055, 11074, 11023, 10999, 11029, 11093, 11111, 10984, 11053]



irb(main):056:0> DossierEleve.where(etablissement_id: 244, mef_destination_id: 7).update_all(mef_destination_id: 103)
D, [2019-07-17T21:57:56.723212 #22] DEBUG -- :   DossierEleve Update All (7.6ms)  UPDATE "dossier_eleves" SET "mef_destination_id" = 103 WHERE "dossier_eleves"."id" IN (SELECT "dossier_eleves"."id" FROM "dossier_eleves" INNER JOIN "eleves" ON "eleves"."id" = "dossier_eleves"."eleve_id" WHERE "dossier_eleves"."etablissement_id" = $1 AND "dossier_eleves"."mef_destination_id" = $2)  [["etablissement_id", 244], ["mef_destination_id", 7]]
=> 139


irb(main):057:0> DossierEleve.where(etablissement_id: 235, mef_destination_id: 7).map(&:id)
D, [2019-07-17T21:58:35.168107 #22] DEBUG -- :   DossierEleve Load (2.0ms)  SELECT "dossier_eleves".* FROM "dossier_eleves" INNER JOIN "eleves" ON "eleves"."id" = "dossier_eleves"."eleve_id" WHERE "dossier_eleves"."etablissement_id" = $1 AND "dossier_eleves"."mef_destination_id" = $2  [["etablissement_id", 235], ["mef_destination_id", 7]]
=> [9199, 9069, 9137, 9158, 9198, 9054, 9079, 9227, 9065, 9152, 9094, 9143, 9213, 9208, 9105, 9123, 9109, 9134, 9122, 9096, 9097, 9211, 9128, 9153, 9136, 9083, 9074, 9167, 9150, 9205, 9185, 9196, 9076, 9055, 9138, 9215, 9155, 9110, 9113, 9206, 9142, 9111, 9207, 9216, 9062, 9202, 9093, 9187, 9101, 9219, 9067, 9068, 9171, 9176, 9119, 9090, 9102, 9063, 9080, 9087, 9200, 9103, 9088, 9197, 9141, 9161, 9057, 9132, 9231, 9162, 9166, 9112, 9146, 9226, 9084, 9073, 9089, 9120, 9168, 9130, 9100, 9179, 9163, 9183, 9058, 9147, 9151, 9173, 9184, 9075, 9177, 9210, 9118, 9170, 9164, 9106, 9116, 9186, 9124, 9157, 9191, 9056, 9159, 9190, 9066, 9104, 9071, 9169, 9095, 9131, 9174, 9086, 9133, 9092, 9139, 9194, 9145, 9121, 9214, 9059, 9217, 9127, 9115, 9212, 9165, 9078, 9060, 9154, 9156, 9175, 9114, 9125, 9188, 9091, 9149, 9148, 9082, 9140, 9172, 9204, 9182, 9085, 9126, 9195, 9108, 9064, 9107, 9072, 9117, 9209, 9070, 9178, 9189, 9203, 9129, 9135, 9192, 9201, 9081, 9144, 9077, 9180, 9181, 9098, 9193, 9061, 9160]



irb(main):058:0>
irb(main):059:0>
irb(main):060:0> DossierEleve.where(etablissement_id: 235, mef_destination_id: 7).update_all(mef_destination_id: 63)
D, [2019-07-17T21:59:23.660923 #22] DEBUG -- :   DossierEleve Update All (9.8ms)  UPDATE "dossier_eleves" SET "mef_destination_id" = 63 WHERE "dossier_eleves"."id" IN (SELECT "dossier_eleves"."id" FROM "dossier_eleves" INNER JOIN "eleves" ON "eleves"."id" = "dossier_eleves"."eleve_id" WHERE "dossier_eleves"."etablissement_id" = $1 AND "dossier_eleves"."mef_destination_id" = $2)  [["etablissement_id", 235], ["mef_destination_id", 7]]
=> 167



 [["id", 197]]
 D, [2019-07-17T21:59:39.063875 #22] DEBUG -- :   Mef Destroy (1.2ms)  DELETE FROM "mef" WHERE "mef"."id" = $1  [["id", 5]]
 D, [2019-07-17T21:59:39.064600 #22] DEBUG -- :    (0.5ms)  ROLLBACK
 Traceback (most recent call last):
         1: from (irb):61
         ActiveRecord::InvalidForeignKey (PG::ForeignKeyViolation: ERROR:  update or delete on table "mef" violates foreign key constraint "fk_rails_c0c0b60d06" on table "dossier_eleves")
         DETAIL:  Key (id)=(5) is still referenced from table "dossier_eleves".
         : DELETE FROM "mef" WHERE "mef"."id" = $1
         irb(main):062:0> DossierEleve.where(etablissement_id: 244, mef_destination_id: 7).map(&:id)^C
         irb(main):062:0> Mef.find(5)
         D, [2019-07-17T22:00:00.818115 #22] DEBUG -- :   Mef Load (0.9ms)  SELECT  "mef".* FROM "mef" WHERE "mef"."id" = $1 LIMIT $2  [["id", 5], ["LIMIT", 1]]
         => #<Mef id: 5, libelle: "4EME SEGPA", code: "16610002110", etablissement_id: 231, created_at: "2019-02-09 19:31:49", updated_at: "2019-02-09 19:31:49">


         irb(main):067:0> DossierEleve.where(mef_origine_id: 5).map(&:etablissement_id).uniq
         D, [2019-07-17T22:00:32.250959 #22] DEBUG -- :   DossierEleve Load (1.7ms)  SELECT "dossier_eleves".* FROM "dossier_eleves" INNER JOIN "eleves" ON "eleves"."id" = "dossier_eleves"."eleve_id" WHERE "dossier_eleves"."mef_origine_id" = $1  [["mef_origine_id", 5]]
         => [244]


irb(main):072:0> DossierEleve.where(etablissement_id: 244, mef_origine_id: 5).map(&:id)
D, [2019-07-17T22:01:30.069845 #22] DEBUG -- :   DossierEleve Load (2.0ms)  SELECT "dossier_eleves".* FROM "dossier_eleves" INNER JOIN "eleves" ON "eleves"."id" = "dossier_eleves"."eleve_id" WHERE "dossier_eleves"."etablissement_id" = $1 AND "dossier_eleves"."mef_origine_id" = $2  [["etablissement_id", 244], ["mef_origine_id", 5]]
=> [10822, 10823, 10824, 10825, 10826, 10827, 10828, 10829, 10830, 10831, 10832, 10833, 10834, 10835, 10967, 11135, 11145]


dossier_eleves"."eleve_id" WHERE "dossier_eleves"."etablissement_id" = $1 AND "dossier_eleves"."mef_origine_id" = $2  [["etablissement_id", 244], ["mef_origine_id", 5]]
=> [10822, 10823, 10824, 10825, 10826, 10827, 10828, 10829, 10830, 10831, 10832, 10833, 10834, 10835, 10967, 11135, 11145]
irb(main):073:0> Mef.where(etablissement_id: 244, libelle: "4EME SEGPA")
D, [2019-07-17T22:01:59.309269 #22] DEBUG -- :   Mef Load (1.2ms)  SELECT  "mef".* FROM "mef" WHERE "mef"."etablissement_id" = $1 AND "mef"."libelle" = $2 LIMIT $3  [["etablissement_id", 244], ["libelle", "4EME SEGPA"], ["LIMIT", 11]]
=> #<ActiveRecord::Relation [#<Mef id: 105, libelle: "4EME SEGPA", code: "16610002110", etablissement_id: 244, created_at: "2019-03-22 08:07:19", updated_at: "2019-03-22 08:07:19">]>
irb(main):074:0>
irb(main):075:0> DossierEleve.where(etablissement_id: 244, mef_origine_id: 5).map(&:id)
D, [2019-07-17T22:02:13.670939 #22] DEBUG -- :   DossierEleve Load (1.3ms)  SELECT "dossier_eleves".* FROM "dossier_eleves" INNER JOIN "eleves" ON "eleves"."id" = "dossier_eleves"."eleve_id" WHERE "dossier_eleves"."etablissement_id" = $1 AND "dossier_eleves"."mef_origine_id" = $2  [["etablissement_id", 244], ["mef_origine_id", 5]]
=> [10822, 10823, 10824, 10825, 10826, 10827, 10828, 10829, 10830, 10831, 10832, 10833, 10834, 10835, 10967, 11135, 11145]

irb(main):076:0> DossierEleve.where(etablissement_id: 244, mef_origine_id: 5).update_all(mef_origine_id: 105)
D, [2019-07-17T22:02:39.058543 #22] DEBUG -- :   DossierEleve Update All (5.8ms)  UPDATE "dossier_eleves" SET "mef_origine_id" = 105 WHERE "dossier_eleves"."id" IN (SELECT "dossier_eleves"."id" FROM "dossier_eleves" INNER JOIN "eleves" ON "eleves"."id" = "dossier_eleves"."eleve_id" WHERE "dossier_eleves"."etablissement_id" = $1 AND "dossier_eleves"."mef_origine_id" = $2)  [["etablissement_id", 244], ["mef_origine_id", 5]]
=> 17

irb(main):082:0> DossierEleve.where(etablissement_id: 244, mef_destination_id: 5).map(&:id)
D, [2019-07-17T22:03:27.187109 #22] DEBUG -- :   DossierEleve Load (1.3ms)  SELECT "dossier_eleves".* FROM "dossier_eleves" INNER JOIN "eleves" ON "eleves"."id" = "dossier_eleves"."eleve_id" WHERE "dossier_eleves"."etablissement_id" = $1 AND "dossier_eleves"."mef_destination_id" = $2  [["etablissement_id", 244], ["mef_destination_id", 5]]
=> [10960, 10956, 10963, 11134, 10957, 10964, 10952, 10953, 10961, 10959, 10954, 10951, 10955, 10962, 10958, 10977]


irb(main):084:0>
irb(main):085:0> DossierEleve.where(etablissement_id: 244, mef_destination_id: 5).update_all(mef_destination_id: 105)                                                    
D, [2019-07-17T22:03:57.173085 #22] DEBUG -- :   DossierEleve Update All (4.4ms)  UPDATE "dossier_eleves" SET "mef_destination_id" = 105 WHERE "dossier_eleves"."id" IN (SELECT "dossier_eleves"."id" FROM "dossier_eleves" INNER JOIN "eleves" ON "eleves"."id" = "dossier_eleves"."eleve_id" WHERE "dossier_eleves"."etablissement_id" = $1 AND "dossier_eleves"."mef_destination_id" = $2)  [["etablissement_id", 244], ["mef_destination_id", 5]]
=> 16

D, [2019-07-17T22:04:07.263559 #22] DEBUG -- :   Mef Destroy (1.1ms)  DELETE FROM "mef" WHERE "mef"."id" = $1  [["id", 4]]
D, [2019-07-17T22:04:07.264130 #22] DEBUG -- :    (0.3ms)  ROLLBACK
Traceback (most recent call last):
        1: from (irb):86
        ActiveRecord::InvalidForeignKey (PG::ForeignKeyViolation: ERROR:  update or delete on table "mef" violates foreign key constraint "fk_rails_c0c0b60d06" on table "dossier_eleves")
        DETAIL:  Key (id)=(4) is still referenced from table "dossier_eleves".
        : DELETE FROM "mef" WHERE "mef"."id" = $1
        irb(main):087:0> Mef.find(4)
        D, [2019-07-17T22:04:16.947746 #22] DEBUG -- :   Mef Load (0.8ms)  SELECT  "mef".* FROM "mef" WHERE "mef"."id" = $1 LIMIT $2  [["id", 4], ["LIMIT", 1]]
        => #<Mef id: 4, libelle: "4EME", code: "10210001110", etablissement_id: 231, created_at: "2019-02-09 19:31:48", updated_at: "2019-02-09 19:31:48">


irb(main):091:0> DossierEleve.where(mef_origine_id: 4).map(&:etablissement_id).uniq
D, [2019-07-17T22:04:46.603418 #22] DEBUG -- :   DossierEleve Load (2.4ms)  SELECT "dossier_eleves".* FROM "dossier_eleves" INNER JOIN "eleves" ON "eleves"."id" = "dossier_eleves"."eleve_id" WHERE "dossier_eleves"."mef_origine_id" = $1  [["mef_origine_id", 4]]
=> [235, 244]



irb(main):092:0> Mef.where(etablissement_id: 235, libelle: "4EME")
D, [2019-07-17T22:05:10.829515 #22] DEBUG -- :   Mef Load (0.8ms)  SELECT  "mef".* FROM "mef" WHERE "mef"."etablissement_id" = $1 AND "mef"."libelle" = $2 LIMIT $3  [["etablissement_id", 235], ["libelle", "4EME"], ["LIMIT", 11]]
=> #<ActiveRecord::Relation [#<Mef id: 61, libelle: "4EME", code: "10210001110", etablissement_id: 235, created_at: "2019-03-06 10:15:11", updated_at: "2019-03-06 10:15:11">]>



irb(main):095:0> DossierEleve.where(etablissement_id: 235, mef_origine_id: 4).map(&:id)
D, [2019-07-17T22:05:53.491248 #22] DEBUG -- :   DossierEleve Load (1.8ms)  SELECT "dossier_eleves".* FROM "dossier_eleves" INNER JOIN "eleves" ON "eleves"."id" = "dossier_eleves"."eleve_id" WHERE "dossier_eleves"."etablissement_id" = $1 AND "dossier_eleves"."mef_origine_id" = $2  [["etablissement_id", 235], ["mef_origine_id", 4]]
=> [8645, 8725, 8726, 8727, 8728, 8729, 8730, 8731, 8732, 8733, 8734, 8735, 8736, 8737, 8738, 8739, 8740, 8741, 8742, 8743, 8744, 8745, 8746, 8747, 8748, 8749, 8750, 8751, 8752, 8753, 8754, 8755, 8756, 8757, 8758, 8759, 8760, 8761, 8762, 8763, 8764, 8765, 8766, 8767, 8768, 8769, 8770, 8771, 8772, 8773, 8774, 8775, 8776, 8777, 8778, 8779, 8780, 8781, 8782, 8784, 8785, 8786, 8787, 8788, 8789, 8790, 8791, 8792, 8793, 8794, 8795, 8796, 8797, 8798, 8799, 8800, 8801, 8802, 8803, 8804, 8805, 8806, 8807, 8808, 8809, 8810, 8811, 8812, 8813, 8814, 8815, 8816, 8817, 8818, 8819, 8820, 8821, 8822, 8823, 8824, 8825, 8826, 8827, 8828, 8829, 8830, 8831, 8832, 8833, 8834, 8835, 8836, 8837, 8838, 8839, 8840, 8841, 8842, 8843, 8844, 8845, 8846, 8847, 8848, 8849, 8850, 8851, 8852, 8853, 8854, 8855, 8856, 8857, 8858, 8859, 8860, 8861, 8862, 8863, 8864, 8865, 8866, 8867, 8868, 8869, 8870, 8871, 8875, 8877, 9044, 9046, 9047, 9050, 9225, 9230]

irb(main):096:0> DossierEleve.where(etablissement_id: 235, mef_origine_id: 4).update_all(mef_origine_id: 61)
D, [2019-07-17T22:06:18.439264 #22] DEBUG -- :   DossierEleve Update All (14.3ms)  UPDATE "dossier_eleves" SET "mef_origine_id" = 61 WHERE "dossier_eleves"."id" IN (SELECT "dossier_eleves"."id" FROM "dossier_eleves" INNER JOIN "eleves" ON "eleves"."id" = "dossier_eleves"."eleve_id" WHERE "dossier_eleves"."etablissement_id" = $1 AND "dossier_eleves"."mef_origine_id" = $2)  [["etablissement_id", 235], ["mef_origine_id", 4]]
=> 155

irb(main):097:0> DossierEleve.where(etablissement_id: 235, mef_destination_id: 4).map(&:id)
D, [2019-07-17T22:06:27.167731 #22] DEBUG -- :   DossierEleve Load (1.9ms)  SELECT "dossier_eleves".* FROM "dossier_eleves" INNER JOIN "eleves" ON "eleves"."id" = "dossier_eleves"."eleve_id" WHERE "dossier_eleves"."etablissement_id" = $1 AND "dossier_eleves"."mef_destination_id" = $2  [["etablissement_id", 235], ["mef_destination_id", 4]]
=> [8947, 9017, 9019, 8987, 8970, 8962, 8999, 8911, 9025, 9220, 9224, 8946, 9014, 9013, 8943, 8958, 8883, 9001, 8934, 9228, 8942, 8950, 8890, 8925, 9028, 9034, 8921, 8994, 8900, 8898, 8905, 9048, 9040, 9006, 8881, 8955, 8961, 9022, 8939, 9010, 9024, 9051, 8933, 8992, 8960, 8920, 8956, 8937, 9018, 8914, 8910, 9042, 8904, 8945, 8969, 9021, 9035, 8979, 8908, 8886, 9016, 8912, 8917, 8963, 9229, 9053, 8916, 8971, 8880, 8957, 8929, 8976, 8926, 8897, 8944, 8978, 8949, 9011, 9049, 9043, 8892, 8918, 8982, 8986, 8972, 9012, 8924, 8930, 8907, 8984, 8989, 8927, 9052, 8983, 9023, 8973, 8899, 8882, 8991, 8901, 8985, 8965, 8997, 8953, 8977, 8913, 8928, 8894, 8990, 8941, 8923, 8891, 8954, 9004, 9036, 8887, 8888, 9003, 9007, 8896, 8967, 9030, 9008, 9015, 9032, 8922, 8995, 9000, 8975, 9041, 8906, 8996, 8919, 9020, 9026, 8998, 8885, 8909, 8952, 9005, 8981, 9029, 8988, 8893, 8974, 8935, 9031, 8902, 9009, 9027, 8964, 8959, 8938, 8940, 8968, 8993, 8915, 8895, 8980, 8884, 8948, 8936, 8951, 8889, 8903, 9002, 8966, 9033, 8932, 8931]


irb(main):098:0> DossierEleve.where(etablissement_id: 235, mef_destination_id: 4).update_all(mef_destination_id: 61)
D, [2019-07-17T22:07:00.675672 #22] DEBUG -- :   DossierEleve Update All (15.1ms)  UPDATE "dossier_eleves" SET "mef_destination_id" = 61 WHERE "dossier_eleves"."id" IN (SELECT "dossier_eleves"."id" FROM "dossier_eleves" INNER JOIN "eleves" ON "eleves"."id" = "dossier_eleves"."eleve_id" WHERE "dossier_eleves"."etablissement_id" = $1 AND "dossier_eleves"."mef_destination_id" = $2)  [["etablissement_id", 235], ["mef_destination_id", 4]]
=> 170



irb(main):094:0> Mef.where(etablissement_id: 244, libelle: "4EME")
D, [2019-07-17T22:05:16.359278 #22] DEBUG -- :   Mef Load (0.8ms)  SELECT  "mef".* FROM "mef" WHERE "mef"."etablissement_id" = $1 AND "mef"."libelle" = $2 LIMIT $3  [["etablissement_id", 244], ["libelle", "4EME"], ["LIMIT", 11]]
=> #<ActiveRecord::Relation [#<Mef id: 102, libelle: "4EME", code: "10210001110", etablissement_id: 244, created_at: "2019-03-22 08:07:19", updated_at: "2019-03-22 08:07:19">]>


irb(main):104:0> DossierEleve.where(etablissement_id: 244, mef_origine_id: 4).map(&:id)
D, [2019-07-17T22:10:24.602031 #22] DEBUG -- :   DossierEleve Load (1.2ms)  SELECT "dossier_eleves".* FROM "dossier_eleves" INNER JOIN "eleves" ON "eleves"."id" = "dossier_eleves"."eleve_id" WHERE "dossier_eleves"."etablissement_id" = $1 AND "dossier_eleves"."mef_origine_id" = $2  [["etablissement_id", 244], ["mef_origine_id", 4]]
=> [10752, 10753, 10754, 10755, 10730, 10731, 10732, 10733, 10734, 10735, 10736, 10737, 10738, 10739, 10740, 10741, 10742, 10743, 10744, 10745, 10746, 10747, 10748, 10749, 10756, 10757, 10758, 10759, 10760, 10761, 10762, 10763, 10764, 10765, 10766, 10767, 10768, 10769, 10770, 10771, 10772, 10773, 10775, 10776, 10777, 10778, 10779, 10780, 10781, 10782, 10783, 10784, 10785, 10786, 10787, 10788, 10789, 10790, 10791, 10792, 10793, 10794, 10795, 10796, 10797, 10798, 10799, 10800, 10801, 10803, 10804, 10805, 10806, 10807, 10808, 10809, 10810, 10811, 10812, 10813, 10814, 10815, 10816, 10817, 10819, 10820, 10821, 10836, 10838, 10839, 10968, 10975, 10978, 10979, 10982, 10983, 11136, 11137, 11142, 11144, 11146, 11156, 11158, 11159]

irb(main):105:0> DossierEleve.where(etablissement_id: 244, mef_origine_id: 4).update_all(mef_origine_id: 102)
D, [2019-07-17T22:10:51.134950 #22] DEBUG -- :   DossierEleve Update All (14.6ms)  UPDATE "dossier_eleves" SET "mef_origine_id" = 102 WHERE "dossier_eleves"."id" IN (SELECT "dossier_eleves"."id" FROM "dossier_eleves" INNER JOIN "eleves" ON "eleves"."id" = "dossier_eleves"."eleve_id" WHERE "dossier_eleves"."etablissement_id" = $1 AND "dossier_eleves"."mef_origine_id" = $2)  [["etablissement_id", 244], ["mef_origine_id", 4]]
=> 104

rb(main):106:0> DossierEleve.where(etablissement_id: 244, mef_destination_id: 4).map(&:id)
D, [2019-07-17T22:11:30.631247 #22] DEBUG -- :   DossierEleve Load (1.7ms)  SELECT "dossier_eleves".* FROM "dossier_eleves" INNER JOIN "eleves" ON "eleves"."id" = "dossier_eleves"."eleve_id" WHERE "dossier_eleves"."etablissement_id" = $1 AND "dossier_eleves"."mef_destination_id" = $2  [["etablissement_id", 244], ["mef_destination_id", 4]]
=> [10939, 10895, 10917, 10853, 10856, 10910, 10886, 10923, 10873, 10841, 10949, 10920, 10848, 10908, 10892, 11154, 10916, 10971, 10859, 10911, 10909, 10914, 10942, 11153, 10881, 10944, 10894, 10867, 10915, 10858, 10872, 10932, 10891, 10946, 11138, 10981, 10890, 10925, 10802, 10901, 10846, 10852, 10861, 10883, 10854, 10929, 10980, 10937, 10843, 10878, 10945, 10866, 10935, 11113, 10904, 10840, 10933, 10927, 10849, 10870, 10922, 10868, 10875, 10842, 10900, 10943, 10897, 10893, 10863, 11141, 11155, 10919, 10876, 10864, 10857, 10865, 10879, 10934, 10887, 10880, 10871, 10907, 10855, 10974, 10924, 10931, 10912, 10847, 10888, 10899, 10845, 10898, 10938, 10906, 10882, 11152, 11143, 10902, 10750, 10860, 10905, 10930, 10903, 10851, 10862, 10869, 10913, 10950, 10973, 10926, 10947, 10884, 10918, 10928, 11151, 10936, 10877, 10889, 10885, 10921, 10940, 10850, 10774, 10844, 10874, 10972, 11149, 10896]
irb(main):107:0> DossierEleve.where(etablissement_id: 244, mef_destination_id: 4).update_all(mef_destination_id: 102)
D, [2019-07-17T22:11:43.366940 #22] DEBUG -- :   DossierEleve Update All (7.3ms)  UPDATE "dossier_eleves" SET "mef_destination_id" = 102 WHERE "dossier_eleves"."id" IN (SELECT "dossier_eleves"."id" FROM "dossier_eleves" INNER JOIN "eleves" ON "eleves"."id" = "dossier_eleves"."eleve_id" WHERE "dossier_eleves"."etablissement_id" = $1 AND "dossier_eleves"."mef_destination_id" = $2)  [["etablissement_id", 244], ["mef_destination_id", 4]]
=> 128


D, [2019-07-17T22:11:56.830084 #22] DEBUG -- :   MefOptionPedagogique Destroy (0.5ms)  DELETE FROM "mef_options_pedagogiques" WHERE "mef_options_pedagogiques"."id" = $1  [["id", 450]]
D, [2019-07-17T22:11:56.832076 #22] DEBUG -- :   Mef Destroy (1.3ms)  DELETE FROM "mef" WHERE "mef"."id" = $1  [["id", 1]]
D, [2019-07-17T22:11:56.832663 #22] DEBUG -- :    (0.4ms)  ROLLBACK
Traceback (most recent call last):
        1: from (irb):108
        ActiveRecord::InvalidForeignKey (PG::ForeignKeyViolation: ERROR:  update or delete on table "mef" violates foreign key constraint "fk_rails_c0c0b60d06" on table "dossier_eleves")
        DETAIL:  Key (id)=(1) is still referenced from table "dossier_eleves".
        : DELETE FROM "mef" WHERE "mef"."id" = $1
        irb(main):109:0> Mef.find(1à
        irb(main):110:1> Mef.find(1)
        irb(main):111:1> ^C
        irb(main):111:0> Mef.find(1)
        D, [2019-07-17T22:12:13.885266 #22] DEBUG -- :   Mef Load (0.7ms)  SELECT  "mef".* FROM "mef" WHERE "mef"."id" = $1 LIMIT $2  [["id", 1], ["LIMIT", 1]]
        => #<Mef id: 1, libelle: "3EME", code: "10310019110", etablissement_id: 231, created_at: "2019-02-09 19:31:47", updated_at: "2019-02-09 19:31:47">


irb(main):114:0> DossierEleve.where(mef_origine_id: 1).map(&:etablissement_id).uniq
D, [2019-07-17T22:12:42.383121 #22] DEBUG -- :   DossierEleve Load (2.4ms)  SELECT "dossier_eleves".* FROM "dossier_eleves" INNER JOIN "eleves" ON "eleves"."id" = "dossier_eleves"."eleve_id" WHERE "dossier_eleves"."mef_origine_id" = $1  [["mef_origine_id", 1]]
=> [235]

irb(main):115:0> DossierEleve.where(mef_origine_id: 1).ma^C&:etablissement_id).uniq
irb(main):115:0> Mef.where(etablissement_id: 235, libelle: "3EME")
D, [2019-07-17T22:13:59.030336 #22] DEBUG -- :   Mef Load (2.2ms)  SELECT  "mef".* FROM "mef" WHERE "mef"."etablissement_id" = $1 AND "mef"."libelle" = $2 LIMIT $3  [["etablissement_id", 235], ["libelle", "3EME"], ["LIMIT", 11]]
=> #<ActiveRecord::Relation [#<Mef id: 59, libelle: "3EME", code: "10310019110", etablissement_id: 235, created_at: "2019-03-06 10:15:11", updated_at: "2019-03-06 10:15:11">]>

irb(main):116:0> DossierEleve.where(mef_origine_id: 1, etablissement_id: 235).map(&:id)
D, [2019-07-17T22:14:26.964342 #22] DEBUG -- :   DossierEleve Load (1.3ms)  SELECT "dossier_eleves".* FROM "dossier_eleves" INNER JOIN "eleves" ON "eleves"."id" = "dossier_eleves"."eleve_id" WHERE "dossier_eleves"."mef_origine_id" = $1 AND "dossier_eleves"."etablissement_id" = $2  [["mef_origine_id", 1], ["etablissement_id", 235]]
=> [8602, 8603, 8604, 8605, 8606, 8607, 8608, 8609, 8610, 8611, 8612, 8613, 8614, 8615, 8616, 8617, 8618, 8619, 8620, 8621, 8622, 8623, 8624, 8625, 8626, 8628, 8629, 8630, 8631, 8632, 8633, 8634, 8635, 8636, 8637, 8638, 8639, 8640, 8641, 8642, 8643, 8644, 8646, 8647, 8648, 8649, 8650, 8651, 8652, 8653, 8654, 8655, 8656, 8657, 8658, 8659, 8660, 8661, 8662, 8663, 8664, 8665, 8666, 8667, 8668, 8669, 8670, 8671, 8672, 8673, 8674, 8675, 8676, 8677, 8678, 8679, 8680, 8681, 8682, 8683, 8684, 8685, 8686, 8687, 8688, 8689, 8690, 8691, 8692, 8694, 8695, 8696, 8697, 8698, 8699, 8700, 8701, 8702, 8703, 8704, 8705, 8706, 8707, 8708, 8709, 8710, 8711, 8712, 8713, 8714, 8715, 8716, 8717, 8718, 8719, 8720, 8721, 8722, 8723, 8724, 8878, 8879, 9038, 9039, 9045, 9232, 9233, 8693]


irb(main):117:0> DossierEleve.where(mef_origine_id: 1, etablissement_id: 235).update_all(mef_origine_id: 59)
D, [2019-07-17T22:14:48.966610 #22] DEBUG -- :   DossierEleve Update All (7.2ms)  UPDATE "dossier_eleves" SET "mef_origine_id" = 59 WHERE "dossier_eleves"."id" IN (SELECT "dossier_eleves"."id" FROM "dossier_eleves" INNER JOIN "eleves" ON "eleves"."id" = "dossier_eleves"."eleve_id" WHERE "dossier_eleves"."mef_origine_id" = $1 AND "dossier_eleves"."etablissement_id" = $2)  [["mef_origine_id", 1], ["etablissement_id", 235]]
=> 128


irb(main):118:0> DossierEleve.where(mef_destination_id: 1, etablissement_id: 235).map(&:id)
D, [2019-07-17T22:15:04.568919 #22] DEBUG -- :   DossierEleve Load (2.2ms)  SELECT "dossier_eleves".* FROM "dossier_eleves" INNER JOIN "eleves" ON "eleves"."id" = "dossier_eleves"."eleve_id" WHERE "dossier_eleves"."mef_destination_id" = $1 AND "dossier_eleves"."etablissement_id" = $2  [["mef_destination_id", 1], ["etablissement_id", 235]]
=> [8813, 8759, 8729, 8761, 8807, 8861, 8846, 9046, 8751, 8824, 8822, 8854, 8849, 8877, 8840, 8821, 8826, 8748, 8828, 8864, 8860, 8827, 9050, 8843, 8735, 8747, 8819, 8847, 9044, 8848, 8758, 8806, 8810, 8831, 8855, 8745, 8768, 8752, 8766, 8730, 8736, 8797, 8773, 8798, 8739, 8778, 8830, 8852, 8734, 8762, 8779, 8865, 8786, 8805, 8870, 8743, 8793, 8741, 8731, 8808, 8777, 8749, 8787, 8746, 8767, 8842, 8756, 8838, 8740, 8732, 8753, 8794, 8850, 8772, 8780, 8795, 8835, 8737, 8866, 8871, 8750, 8832, 9047, 8841, 8853, 8799, 8800, 8788, 8814, 8857, 8789, 8858, 8875, 8867, 8760, 8836, 8856, 8809, 8796, 8859, 8727, 8804, 8771, 8863, 8829, 8774, 8818, 8645, 8744, 8801, 8792, 8820, 9230, 8844, 8763, 8869, 8802, 8742, 8803, 8851, 8728, 8725, 8817, 8837, 8764, 8862, 8868, 8782, 8781, 8726, 8845, 8784, 9225, 8770, 8765, 8823, 8757, 8755, 8733, 8833, 8775, 8834, 8738, 8785, 8776, 8839, 8754, 8790, 8811, 8815, 8816, 8791, 8769, 8812, 8825]

irb(main):119:0> DossierEleve.where(mef_destination_id: 1, etablissement_id: 235).update_all(mef_destination_id: 59)
D, [2019-07-17T22:15:24.656112 #22] DEBUG -- :   DossierEleve Update All (8.4ms)  UPDATE "dossier_eleves" SET "mef_destination_id" = 59 WHERE "dossier_eleves"."id" IN (SELECT "dossier_eleves"."id" FROM "dossier_eleves" INNER JOIN "eleves" ON "eleves"."id" = "dossier_eleves"."eleve_id" WHERE "dossier_eleves"."mef_destination_id" = $1 AND "dossier_eleves"."etablissement_id" = $2)  [["mef_destination_id", 1], ["etablissement_id", 235]]
=> 155


rb(main):127:0> Mef.where(etablissement_id: 244, libelle: "3EME")
D, [2019-07-17T22:16:28.798166 #22] DEBUG -- :   Mef Load (0.7ms)  SELECT  "mef".* FROM "mef" WHERE "mef"."etablissement_id" = $1 AND "mef"."libelle" = $2 LIMIT $3  [["etablissement_id", 244], ["libelle", "3EME"], ["LIMIT", 11]]
=> #<ActiveRecord::Relation [#<Mef id: 99, libelle: "3EME", code: "10310019110", etablissement_id: 244, created_at: "2019-03-22 08:07:18", updated_at: "2019-03-22 08:07:18">]>
irb(main):130:0> DossierEleve.where(mef_destination_id: 1, etablissement_id: 244).map(&:id)
D, [2019-07-17T22:16:49.949364 #22] DEBUG -- :   DossierEleve Load (1.4ms)  SELECT "dossier_eleves".* FROM "dossier_eleves" INNER JOIN "eleves" ON "eleves"."id" = "dossier_eleves"."eleve_id" WHERE "dossier_eleves"."mef_destination_id" = $1 AND "dossier_eleves"."etablissement_id" = $2  [["mef_destination_id", 1], ["etablissement_id", 244]]
=> [10744, 10782, 10771, 10747, 10809, 10738, 10810, 10758, 10813, 10739, 10743, 10968, 10778, 10779, 10783, 10799, 10983, 10765, 10787, 10760, 10817, 10761, 10816, 10736, 11158, 10808, 10741, 10975, 10742, 11146, 11159, 10759, 10731, 10814, 10766, 10784, 10798, 10753, 10806, 10803, 10780, 10807, 10793, 10734, 10763, 10836, 10764, 10811, 10737, 11136, 10732, 10769, 10756, 10792, 10797, 10752, 10735, 10820, 10791, 10777, 10762, 10770, 10838, 11144, 10773, 10789, 10982, 10754, 10746, 10745, 10748, 10757, 10786, 10730, 10749, 10781, 10839, 10794, 10796, 10819, 10775, 10785, 11156, 10801, 10805, 10800, 10790, 10812, 10733, 10815, 10821, 10978, 10979, 11137, 10788, 10804, 10772, 10767, 10740, 10795, 10755, 10768, 10776, 11142]

irb(main):131:0> DossierEleve.where(mef_destination_id: 1, etablissement_id: 244).update_all(mef_destination_id: 99)
D, [2019-07-17T22:17:08.312961 #22] DEBUG -- :   DossierEleve Update All (5.8ms)  UPDATE "dossier_eleves" SET "mef_destination_id" = 99 WHERE "dossier_eleves"."id" IN (SELECT "dossier_eleves"."id" FROM "dossier_eleves" INNER JOIN "eleves" ON "eleves"."id" = "dossier_eleves"."eleve_id" WHERE "dossier_eleves"."mef_destination_id" = $1 AND "dossier_eleves"."etablissement_id" = $2)  [["mef_destination_id", 1], ["etablissement_id", 244]]
=> 104


